WARNING: All log messages before absl::InitializeLog() is called are written to STDERR
I0000 00:00:1781115003.429138   31376 port.cc:153] oneDNN custom operations are on. You may see slightly different numerical results due to floating-point round-off errors from different computation orders. To turn them off, set the environment variable `TF_ENABLE_ONEDNN_OPTS=0`.
WARNING: All log messages before absl::InitializeLog() is called are written to STDERR
I0000 00:00:1781115007.324081   31376 port.cc:153] oneDNN custom operations are on. You may see slightly different numerical results due to floating-point round-off errors from different computation orders. To turn them off, set the environment variable `TF_ENABLE_ONEDNN_OPTS=0`.
WARNING:tensorflow:From C:\Users\Mohma\AppData\Local\Programs\Python\Python313\Lib\site-packages\tf_keras\src\losses.py:2976: The name tf.losses.sparse_softmax_cross_entropy is deprecated. Please use tf.compat.v1.losses.sparse_softmax_cross_entropy instead.

INFO:     Started server process [2800]
INFO:     Waiting for application startup.
INFO:     Application startup complete.
INFO:     Uvicorn running on http://0.0.0.0:8000 (Press CTRL+C to quit)
[pdf_processor] Tesseract found at: C:\Program Files\Tesseract-OCR\tesseract.exe
Loading local embedding model: all-MiniLM-L6-v2...
============================================================
CORS: Allowing ALL origins (allow_credentials=False)
============================================================
DEBUG BOOST: [لائحه جامعة المنوفية الأهليه a-1.pdf] Page 12 Boost=1.10 Text=االجبارية والحصول عيل معدل تراكم ال يقل عن2. ) ينت...
DEBUG BOOST: [دليل_برامج_كلية_الحاسوب_والذكاء_الاصطناعى_جامعة_المنوفية_الاهلية.pdf] Page 34 Boost=0.60 Text=t elective gen104 مبادي االدارة fundamentals of ma...
DEBUG BOOST: [دليل_برامج_كلية_الحاسوب_والذكاء_الاصطناعى_جامعة_المنوفية_الاهلية.pdf] Page 34 Boost=1.05 Text=الفصل الدراسي الثاني كود اسم المقرر ساعات كود اسم ...
DEBUG BOOST: [دليل_برامج_كلية_الحاسوب_والذكاء_الاصطناعى_جامعة_المنوفية_الاهلية.pdf] Page 28 Boost=1.05 Text=4. متطلبات تعريف شخصية الموسسة: ( ساعات معتمدة اجب...
DEBUG BOOST: [دليل_برامج_كلية_الحاسوب_والذكاء_الاصطناعى_جامعة_المنوفية_الاهلية.pdf] Page 33 Boost=1.05 Text=ب-متطلبات التخصص االختيارية(: ساعة معتمدة اختيارية...
DEBUG BOOST: [دليل_برامج_كلية_الحاسوب_والذكاء_الاصطناعى_جامعة_المنوفية_الاهلية.pdf] Page 28 Boost=1.15 Text=4. متطلبات تعريف شخصية الموسسة: ( ساعات معتمدة اجب...
DEBUG BOOST: [دليل_برامج_كلية_الحاسوب_والذكاء_الاصطناعى_جامعة_المنوفية_الاهلية.pdf] Page 35 Boost=0.60 Text=الفصل الدراسي الثاني iot331 قواعد البيانات المتقدم...
DEBUG BOOST: [لائحة الجامعة الأهلية.pdf] Page 10 Boost=0.55 Text=الفصل الدراسي الرييسي وقبل بداية االسبوع الخامس في...
DEBUG BOOST: [دليل_برامج_كلية_الحاسوب_والذكاء_الاصطناعى_جامعة_المنوفية_الاهلية.pdf] Page 35 Boost=0.60 Text=الفصل الدراسي الثاني iot331 قواعد البيانات المتقدم...
DEBUG BOOST: [لائحة الجامعة الأهلية.pdf] Page 10 Boost=0.55 Text=الفصل الدراسي الرييسي وقبل بداية االسبوع الخامس في...
DEBUG BOOST: [لائحة الجامعة الأهلية.pdf] Page 45 Boost=0.70 Text=semester work oral / practical written com 411 emb...
DEBUG BOOST: [دليل_برامج_كلية_الحاسوب_والذكاء_الاصطناعى_جامعة_المنوفية_الاهلية.pdf] Page 33 Boost=1.05 Text=ب-متطلبات التخصص االختيارية(: ساعة معتمدة اختيارية...
DEBUG BOOST: [لائحة الجامعة الأهلية.pdf] Page 45 Boost=0.55 Text=contact hours credit hours course marks % semester...
DEBUG BOOST: [دليل_برامج_كلية_الحاسوب_والذكاء_الاصطناعى_جامعة_المنوفية_الاهلية.pdf] Page 13 Boost=0.65 Text=رات بالعبء الدراسي للطالب, وال تدخل المقررات. المن...
DEBUG BOOST: [لائحة الجامعة الأهلية.pdf] Page 45 Boost=1.00 Text=mics bas 003 eng 003 computer aided drawing eng 00...
DEBUG BOOST: [لائحة الجامعة الأهلية.pdf] Page 16 Boost=0.55 Text=ll no course code course title pre- requisite hour...
DEBUG BOOST: [دليل_برامج_كلية_الحاسوب_والذكاء_الاصطناعى_جامعة_المنوفية_الاهلية.pdf] Page 20 Boost=0.65 Text=الفصل وفقا للقواعد التالية: ( في حالة حصول الطالب ...
DEBUG BOOST: [دليل_برامج_كلية_الحاسوب_والذكاء_الاصطناعى_جامعة_المنوفية_الاهلية.pdf] Page 20 Boost=0.65 Text=الفصل وفقا للقواعد التالية: ( في حالة حصول الطالب ...
DEBUG BOOST: [دليل_برامج_كلية_الحاسوب_والذكاء_الاصطناعى_جامعة_المنوفية_الاهلية.pdf] Page 28 Boost=1.15 Text=e learning iot333استرجاع المعلومات information ret...
DEBUG BOOST: [لائحة الجامعة الأهلية.pdf] Page 2 Boost=0.45 Text=رنامج هو165 ساعة معتمدة شاملة متطلبات الجامعة ومتط...
DEBUG BOOST: [دليل_برامج_كلية_الحاسوب_والذكاء_الاصطناعى_جامعة_المنوفية_الاهلية.pdf] Page 35 Boost=1.15 Text=الفصل الدراسي الثاني bcs214 هياكل البيانات data st...
DEBUG BOOST: [دليل_برامج_كلية_الحاسوب_والذكاء_الاصطناعى_جامعة_المنوفية_الاهلية.pdf] Page 35 Boost=1.15 Text=الفصل الدراسي الثاني bcs214 هياكل البيانات data st...
DEBUG BOOST: [دليل_برامج_كلية_الحاسوب_والذكاء_الاصطناعى_جامعة_المنوفية_الاهلية.pdf] Page 28 Boost=1.15 Text=يا ت algorithms analysis and design data structure...
DEBUG BOOST: [لائحة الجامعة الأهلية.pdf] Page 16 Boost=0.55 Text=hours course marks % semester work oral / practica...
DEBUG BOOST: [دليل_برامج_كلية_الحاسوب_والذكاء_الاصطناعى_جامعة_المنوفية_الاهلية.pdf] Page 36 Boost=0.75 Text=يبدا الفصل الدراسي الخريفي في شهر سبتمبر والفصل ال...
DEBUG BOOST: [لائحة الجامعة الأهلية.pdf] Page 16 Boost=0.55 Text=sector innovations cve 204 research methods gen 20...
DEBUG BOOST: [لائحة الجامعة الأهلية.pdf] Page 10 Boost=0.45 Text=ات المشروع اال بعد اجتياز الطالب100 ساعة معتمدة. ت...
DEBUG BOOST: [دليل_برامج_كلية_الحاسوب_والذكاء_الاصطناعى_جامعة_المنوفية_الاهلية.pdf] Page 53 Boost=0.60 Text=artificial intelligence: principles and techniques...
DEBUG BOOST: [لائحة الجامعة الأهلية.pdf] Page 13 Boost=0.55 Text=دارة هذه النوعية من المدن, وخاصة ان جميع المدن الج...
DEBUG BOOST: [دليل_برامج_كلية_الحاسوب_والذكاء_الاصطناعى_جامعة_المنوفية_الاهلية.pdf] Page 76 Boost=0.60 Text=artificial intelligence: principles and techniques...
DEBUG BOOST: [لائحة الجامعة الأهلية.pdf] Page 45 Boost=1.00 Text=ecture tutorial practice total contact hours credi...
DEBUG BOOST: [دليل_برامج_كلية_الحاسوب_والذكاء_الاصطناعى_جامعة_المنوفية_الاهلية.pdf] Page 40 Boost=0.75 Text=الفصل الدراسي اقل من1 هو12 ساعة معتمدة. يجوز للطال...
DEBUG BOOST: [دليل_برامج_كلية_الحاسوب_والذكاء_الاصطناعى_جامعة_المنوفية_الاهلية.pdf] Page 40 Boost=0.75 Text=الفصل الدراسي اقل من1 هو12 ساعة معتمدة. يجوز للطال...
DEBUG BOOST: [دليل_برامج_كلية_الحاسوب_والذكاء_الاصطناعى_جامعة_المنوفية_الاهلية.pdf] Page 63 Boost=0.75 Text=الفصل الدراسي اقل من1 هو12 ساعة معتمدة. يجوز للطال...
DEBUG BOOST: [لائحة الجامعة الأهلية.pdf] Page 16 Boost=0.55 Text=ة المنوفية االهلية رعاية الطالب menoufia national ...
DEBUG BOOST: [لائحة الجامعة الأهلية.pdf] Page 10 Boost=0.55 Text=سب طبيعة المقررات الدراسية ان يقرر عقد االمتحانات ...
DEBUG BOOST: [دليل_برامج_كلية_الحاسوب_والذكاء_الاصطناعى_جامعة_المنوفية_الاهلية.pdf] Page 63 Boost=0.75 Text=الفصل الدراسي اقل من1 هو12 ساعة معتمدة. يجوز للطال...
DEBUG BOOST: [دليل_برامج_كلية_الحاسوب_والذكاء_الاصطناعى_جامعة_المنوفية_الاهلية.pdf] Page 42 Boost=0.35 Text=2. :يفصل الطالب المنذر اكاديميا من الدراسة نهاييا ...
DEBUG BOOST: [دليل_برامج_كلية_الحاسوب_والذكاء_الاصطناعى_جامعة_المنوفية_الاهلية.pdf] Page 42 Boost=0.75 Text=2. :يفصل الطالب المنذر اكاديميا من الدراسة نهاييا ...
DEBUG BOOST: [لائحة الجامعة الأهلية.pdf] Page 16 Boost=0.55 Text=onal university students care level 0 semester 2 s...
DEBUG BOOST: [دليل_برامج_كلية_الحاسوب_والذكاء_الاصطناعى_جامعة_المنوفية_الاهلية.pdf] Page 1 Boost=0.65 Text=ملخص المستند:  يتضمن دليل الطالب في كلية الحاسوب و...
DEBUG BOOST: [لائحة الجامعة الأهلية.pdf] Page 29 Boost=0.55 Text=tice total contact hours credit hours course marks...
DEBUG BOOST: [لائحة الجامعة الأهلية.pdf] Page 45 Boost=0.75 Text=m 3eh3 com 3eh5 com 3eh6 com 3ec4 com 3ec5 com 3ec...
DEBUG BOOST: [لائحة الجامعة الأهلية.pdf] Page 2 Boost=1.00 Text=برام العقود واالتفاقيات مع الهييات والموسسات العلم...
DEBUG BOOST: [لائحة الجامعة الأهلية.pdf] Page 13 Boost=0.55 Text=يدة التي يتم تنفيذها حالي ا ومستقبال ستكون مدن ذكي...
DEBUG BOOST: [دليل_برامج_كلية_الحاسوب_والذكاء_الاصطناعى_جامعة_المنوفية_الاهلية.pdf] Page 33 Boost=0.60 Text=االشياء والبيانات الضخمة- 1 selected topics in int...
DEBUG BOOST: [دليل_برامج_كلية_الحاسوب_والذكاء_الاصطناعى_جامعة_المنوفية_الاهلية.pdf] Page 53 Boost=1.05 Text=ce) ma114 probability and statistics cs112 object ...
DEBUG BOOST: [دليل_برامج_كلية_الحاسوب_والذكاء_الاصطناعى_جامعة_المنوفية_الاهلية.pdf] Page 20 Boost=0.65 Text=التالية: ▪. يعيد الطالب المقرر الذي رسب فيه دراسة ...
DEBUG BOOST: [دليل_برامج_كلية_الحاسوب_والذكاء_الاصطناعى_جامعة_المنوفية_الاهلية.pdf] Page 40 Boost=0.75 Text=االدني ( للتسجيل في الفصل الدراسي االساسي الواحد9 ...
DEBUG BOOST: [دليل_برامج_كلية_الحاسوب_والذكاء_الاصطناعى_جامعة_المنوفية_الاهلية.pdf] Page 20 Boost=0.65 Text=التالية: ▪. يعيد الطالب المقرر الذي رسب فيه دراسة ...
DEBUG BOOST: [لائحه جامعة المنوفية الأهليه a-1.pdf] Page 10 Boost=0.70 Text=6. التفكير النقدي واالبداع واالحير افيه ف العمل me...
DEBUG BOOST: [لائحة الجامعة الأهلية.pdf] Page 16 Boost=1.00 Text=lowing (are 307en): are 307e1 building information...
DEBUG BOOST: [لائحة الجامعة الأهلية.pdf] Page 16 Boost=1.00 Text=eometric design psc program elective 3: select two...
DEBUG BOOST: [لائحة الجامعة الأهلية.pdf] Page 29 Boost=0.55 Text=ي level 2 semester 1 fall no. course code course t...
DEBUG BOOST: [لائحة الجامعة الأهلية.pdf] Page 16 Boost=1.10 Text=e 301 structural systems & design cve 104 psc prog...
DEBUG BOOST: [لائحة الجامعة الأهلية.pdf] Page 29 Boost=0.55 Text=time of exam lecture tutorial practice total conta...
DEBUG BOOST: [لائحة الجامعة الأهلية.pdf] Page 38 Boost=0.85 Text=al contact hours credit hours course marks semeste...
DEBUG BOOST: [لائحة الجامعة الأهلية.pdf] Page 45 Boost=1.00 Text=tions research and modeling com 212 digital system...
DEBUG BOOST: [لائحة الجامعة الأهلية.pdf] Page 45 Boost=0.55 Text=presentation skills total level 2 semester 3 summe...
DEBUG BOOST: [دليل_برامج_كلية_الحاسوب_والذكاء_الاصطناعى_جامعة_المنوفية_الاهلية.pdf] Page 44 Boost=0.65 Text=20. المتحان منتصف الفصل الدراسي% o المتحانات شفوية...
DEBUG BOOST: [دليل_برامج_كلية_الحاسوب_والذكاء_الاصطناعى_جامعة_المنوفية_الاهلية.pdf] Page 44 Boost=0.65 Text=20. المتحان منتصف الفصل الدراسي% o المتحانات شفوية...
DEBUG BOOST: [دليل_برامج_كلية_الحاسوب_والذكاء_الاصطناعى_جامعة_المنوفية_الاهلية.pdf] Page 39 Boost=0.65 Text=1. مع بداية كل فصل دراسي اس ا سي او صيفي يقوم الطا...
DEBUG BOOST: [دليل_برامج_كلية_الحاسوب_والذكاء_الاصطناعى_جامعة_المنوفية_الاهلية.pdf] Page 39 Boost=0.65 Text=1. مع بداية كل فصل دراسي اس ا سي او صيفي يقوم الطا...
DEBUG BOOST: [لائحة الجامعة الأهلية.pdf] Page 38 Boost=1.40 Text=4 accounting emm program elective 3: select one cr...
DEBUG BOOST: [دليل_برامج_كلية_الحاسوب_والذكاء_الاصطناعى_جامعة_المنوفية_الاهلية.pdf] Page 53 Boost=1.05 Text=natural language processing with deep learning ai2...
DEBUG BOOST: [لائحه جامعة المنوفية الأهليه a-1.pdf] Page 21 Boost=0.70 Text=حص ل ع يل المع دل االك اديم او. الفصيل )ي تم حس اب...
DEBUG BOOST: [لائحة الجامعة الأهلية.pdf] Page 29 Boost=0.55 Text=onal university students care level 0 semester 2 s...
DEBUG BOOST: [دليل_برامج_كلية_الحاسوب_والذكاء_الاصطناعى_جامعة_المنوفية_الاهلية.pdf] Page 13 Boost=0.65 Text=للطالب تقديم طلب انسحاب اجباري نتيجة لعذر قهري يقب...
DEBUG BOOST: [لائحة الجامعة الأهلية.pdf] Page 29 Boost=0.55 Text=mec 105 engineering materials mec 101 mec 106 arti...
DEBUG BOOST: [دليل_برامج_كلية_الحاسوب_والذكاء_الاصطناعى_جامعة_المنوفية_الاهلية.pdf] Page 67 Boost=0.65 Text=20. المتحان منتصف الفصل الدراسي% o المتحانات شفوية...
DEBUG BOOST: [دليل_برامج_كلية_الحاسوب_والذكاء_الاصطناعى_جامعة_المنوفية_الاهلية.pdf] Page 67 Boost=0.65 Text=20. المتحان منتصف الفصل الدراسي% o المتحانات شفوية...
DEBUG BOOST: [لائحة الجامعة الأهلية.pdf] Page 16 Boost=1.00 Text=re 402 city networks in regional contexts are 403 ...
DEBUG BOOST: [لائحه جامعة المنوفية الأهليه a-1.pdf] Page 16 Boost=0.55 Text=تشمل: مقررات اختيارية للمرحلة ما قبل االكلينيكية م...
DEBUG BOOST: [دليل_برامج_كلية_الحاسوب_والذكاء_الاصطناعى_جامعة_المنوفية_الاهلية.pdf] Page 28 Boost=1.05 Text=هلية رعاية الطالب menoufia national university stu...
DEBUG BOOST: [لائحة الجامعة الأهلية.pdf] Page 45 Boost=0.55 Text=data structures and algorithms com 121 general ele...
DEBUG BOOST: [دليل_برامج_كلية_الحاسوب_والذكاء_الاصطناعى_جامعة_المنوفية_الاهلية.pdf] Page 53 Boost=0.60 Text=artificial intelligence: principles and techniques...
DEBUG BOOST: [لائحة الجامعة الأهلية.pdf] Page 38 Boost=0.65 Text=composite materials: design & manufacturing mec 10...
DEBUG BOOST: [دليل_برامج_كلية_الحاسوب_والذكاء_الاصطناعى_جامعة_المنوفية_الاهلية.pdf] Page 21 Boost=0.75 Text=المجمع للتحسين وفقا للقواعد التالية: اذا, رغب الطا...
DEBUG BOOST: [دليل_برامج_كلية_الحاسوب_والذكاء_الاصطناعى_جامعة_المنوفية_الاهلية.pdf] Page 21 Boost=0.75 Text=المجمع للتحسين وفقا للقواعد التالية: اذا, رغب الطا...
DEBUG BOOST: [هندسه.pdf] Page 38 Boost=0.85 Text=al contact hours credit hours course marks semeste...
DEBUG BOOST: [لائحة الجامعة الأهلية.pdf] Page 29 Boost=0.55 Text=7. .اعداد خريج قادر علي المنافسة في سوق العمل في ظ...
DEBUG BOOST: [دليل_برامج_كلية_الحاسوب_والذكاء_الاصطناعى_جامعة_المنوفية_الاهلية.pdf] Page 77 Boost=1.10 Text=computer vision: ai212 machine learning ai411 deci...
DEBUG BOOST: [دليل_برامج_كلية_الحاسوب_والذكاء_الاصطناعى_جامعة_المنوفية_الاهلية.pdf] Page 77 Boost=1.10 Text=computer vision: ai212 machine learning ai411 deci...
DEBUG BOOST: [لائحة الجامعة الأهلية.pdf] Page 13 Boost=0.40 Text=1. الطالب الذي يتكرر انخفاض متوسط النقاط التراكمي ...
DEBUG BOOST: [لائحة الجامعة الأهلية.pdf] Page 45 Boost=1.00 Text=10. .توفير مساحة اكبر للطالب للتدريبات العملية وال...
DEBUG BOOST: [دليل_برامج_كلية_الحاسوب_والذكاء_الاصطناعى_جامعة_المنوفية_الاهلية.pdf] Page 26 Boost=1.15 Text=للمعادلة االتية: مجموع نقاط جميع المقررات الدراسية...
DEBUG BOOST: [لائحة الجامعة الأهلية.pdf] Page 13 Boost=0.40 Text=1. الطالب الذي يتكرر انخفاض متوسط النقاط التراكمي ...
DEBUG BOOST: [لائحة الجامعة الأهلية.pdf] Page 45 Boost=0.55 Text=systems com 231 com 331 adv. computer networks and...
DEBUG BOOST: [لائحة الجامعة الأهلية.pdf] Page 16 Boost=0.55 Text=eering & technology gen 002e3 selected topics on c...
DEBUG BOOST: [لائحة الجامعة الأهلية.pdf] Page 5 Boost=0.45 Text=طبيقات في التخصص العام. الالزمة لكافة التخصصات الد...
DEBUG BOOST: [لائحة الجامعة الأهلية.pdf] Page 29 Boost=0.55 Text=ed topics on contemporary issues bas 001 mathemati...
DEBUG BOOST: [هندسه_حاسوب.pdf] Page 42 Boost=0.60 Text=r u o h t id e r c k r o w r e t s e m la c it c a...
DEBUG BOOST: [لائحة الجامعة الأهلية.pdf] Page 43 Boost=0.80 Text=6. محقق ادلة جنايية حاسوبية او رقمية اتجاهات الدرا...
DEBUG BOOST: [دليل_برامج_كلية_الحاسوب_والذكاء_الاصطناعى_جامعة_المنوفية_الاهلية.pdf] Page 71 Boost=1.05 Text=9) ساعة يتم اختيارها من بين. المقررات االختيارية: ...
DEBUG BOOST: [دليل_برامج_كلية_الحاسوب_والذكاء_الاصطناعى_جامعة_المنوفية_الاهلية.pdf] Page 71 Boost=1.05 Text=9) ساعة يتم اختيارها من بين. المقررات االختيارية: ...
DEBUG BOOST: [لائحة الجامعة الأهلية.pdf] Page 29 Boost=0.55 Text=dit hours course marks semester work oral / practi...
DEBUG BOOST: [دليل_برامج_كلية_الحاسوب_والذكاء_الاصطناعى_جامعة_المنوفية_الاهلية.pdf] Page 13 Boost=0.65 Text=هاية االسبوع الثاني بالنسبة للفصلين الدراسيين الري...
DEBUG BOOST: [لائحة الجامعة الأهلية.pdf] Page 16 Boost=0.55 Text=uisite hours assessments time of exam lecture tuto...
DEBUG BOOST: [هندسه.pdf] Page 38 Boost=1.40 Text=4 accounting emm program elective 3: select one cr...
DEBUG BOOST: [لائحة الجامعة الأهلية.pdf] Page 9 Boost=0.55 Text=2. حتي 8 ساعات معتمدة للطالب الحاصل علي معدل تراكم...
DEBUG BOOST: [لائحة الجامعة الأهلية.pdf] Page 9 Boost=0.55 Text=2. حتي 8 ساعات معتمدة للطالب الحاصل علي معدل تراكم...
DEBUG BOOST: [لائحة الجامعة الأهلية.pdf] Page 38 Boost=0.65 Text=composite materials: design & manufacturing mec 10...
DEBUG BOOST: [دليل_برامج_كلية_الحاسوب_والذكاء_الاصطناعى_جامعة_المنوفية_الاهلية.pdf] Page 76 Boost=0.60 Text=artificial intelligence: principles and techniques...
DEBUG BOOST: [لائحه جامعة المنوفية الأهليه a-1.pdf] Page 1 Boost=0.60 Text=**ملخص المستند**   يتناول الدليل الداخلي لطلاب كلي...
DEBUG BOOST: [لائحة الجامعة الأهلية.pdf] Page 5 Boost=0.70 Text=وهي كالتالي: متطلبات الجامعة: تغطي مقررات الثقاقة ...
DEBUG BOOST: [دليل_برامج_كلية_الحاسوب_والذكاء_الاصطناعى_جامعة_المنوفية_الاهلية.pdf] Page 7 Boost=0.60 Text=وانترنت. االشياء البرامج الدراسية بالكلية: يوجد با...
DEBUG BOOST: [لائحة الجامعة الأهلية.pdf] Page 43 Boost=0.80 Text=6. محقق ادلة جنايية حاسوبية او رقمية اتجاهات الدرا...
DEBUG BOOST: [لائحة الجامعة الأهلية.pdf] Page 5 Boost=0.70 Text=وهي كالتالي: متطلبات الجامعة: تغطي مقررات الثقاقة ...
DEBUG BOOST: [هندسه_ميكاترونيكس.pdf] Page 38 Boost=0.65 Text=composite materials: design & manufacturing mec 10...
DEBUG BOOST: [دليل_برامج_كلية_الحاسوب_والذكاء_الاصطناعى_جامعة_المنوفية_الاهلية.pdf] Page 23 Boost=0.60 Text=تمنح التقديرات العامة التي يحصل عليها الطالب طبقا ...
DEBUG BOOST: [دليل_برامج_كلية_الحاسوب_والذكاء_الاصطناعى_جامعة_المنوفية_الاهلية.pdf] Page 23 Boost=0.60 Text=تمنح التقديرات العامة التي يحصل عليها الطالب طبقا ...
DEBUG BOOST: [دليل_برامج_كلية_الحاسوب_والذكاء_الاصطناعى_جامعة_المنوفية_الاهلية.pdf] Page 55 Boost=1.05 Text=intelligence: principles and techniques mi414 االل...
DEBUG BOOST: [لائحة الجامعة الأهلية.pdf] Page 45 Boost=0.55 Text=001 introduction to quality assurance general elec...
DEBUG BOOST: [دليل_برامج_كلية_الحاسوب_والذكاء_الاصطناعى_جامعة_المنوفية_الاهلية.pdf] Page 13 Boost=1.05 Text=لها طبقا للجداول بالاليحة الدراسية, وال يجوز للطال...
DEBUG BOOST: [دليل_برامج_كلية_الحاسوب_والذكاء_الاصطناعى_جامعة_المنوفية_الاهلية.pdf] Page 55 Boost=1.05 Text=intelligence: principles and techniques mi414 االل...
DEBUG BOOST: [لائحة الجامعة الأهلية.pdf] Page 65 Boost=0.45 Text=الفصل النهاب ي من الجامعة ويبلغ قرار الفصل ال الجا...
DEBUG BOOST: [لائحة الجامعة الأهلية.pdf] Page 65 Boost=0.45 Text=الفصل النهاب ي من الجامعة ويبلغ قرار الفصل ال الجا...
DEBUG BOOST: [دليل_برامج_كلية_الحاسوب_والذكاء_الاصطناعى_جامعة_المنوفية_الاهلية.pdf] Page 7 Boost=0.60 Text=الخريف, )(يناير وفصل الربيع, )(مايو وفصل الصيف ))(...
DEBUG BOOST: [هندسه_ميكاترونيكس.pdf] Page 38 Boost=0.85 Text=m the following (mec 405en): mec 405e1 advanced to...
DEBUG BOOST: [لائحه جامعة المنوفية الأهليه a-1.pdf] Page 40 Boost=0.55 Text=8. كل فعل مخل بالشر ف والكرامة او مخل بحسن الست وا...
DEBUG BOOST: [لائحة الجامعة الأهلية.pdf] Page 16 Boost=0.45 Text=ع المتطورة باستخدام تقنيات الميكاترونك واالتمتة ال...
DEBUG BOOST: [دليل_برامج_كلية_الحاسوب_والذكاء_الاصطناعى_جامعة_المنوفية_الاهلية.pdf] Page 22 Boost=0.65 Text=20. المتحان منتصف الفصل الدراسي% يستثني من ذلك الم...
DEBUG BOOST: [دليل_برامج_كلية_الحاسوب_والذكاء_الاصطناعى_جامعة_المنوفية_الاهلية.pdf] Page 22 Boost=0.65 Text=20. المتحان منتصف الفصل الدراسي% يستثني من ذلك الم...
DEBUG BOOST: [لائحة الجامعة الأهلية.pdf] Page 10 Boost=0.60 Text=الفصل الذي رسب فيه, وطبقا للساعات المسموح بها للتس...
DEBUG BOOST: [لائحة الجامعة الأهلية.pdf] Page 10 Boost=0.60 Text=الفصل الذي رسب فيه, وطبقا للساعات المسموح بها للتس...
DEBUG BOOST: [دليل_برامج_كلية_الحاسوب_والذكاء_الاصطناعى_جامعة_المنوفية_الاهلية.pdf] Page 26 Boost=0.65 Text=والمعدل التراكمي للطالب كما يلي: تحسب نقاط كل مقرر...
DEBUG BOOST: [دليل_برامج_كلية_الحاسوب_والذكاء_الاصطناعى_جامعة_المنوفية_الاهلية.pdf] Page 26 Boost=0.65 Text=والمعدل التراكمي للطالب كما يلي: تحسب نقاط كل مقرر...
DEBUG BOOST: [دليل_برامج_كلية_الحاسوب_والذكاء_الاصطناعى_جامعة_المنوفية_الاهلية.pdf] Page 70 Boost=0.65 Text=2. يجوز تخصيص فترة اضافية للمشروع تبدا عق ب االنته...
DEBUG BOOST: [دليل_برامج_كلية_الحاسوب_والذكاء_الاصطناعى_جامعة_المنوفية_الاهلية.pdf] Page 70 Boost=0.65 Text=2. يجوز تخصيص فترة اضافية للمشروع تبدا عق ب االنته...
DEBUG BOOST: [دليل_برامج_كلية_الحاسوب_والذكاء_الاصطناعى_جامعة_المنوفية_الاهلية.pdf] Page 12 Boost=1.15 Text=3. يتم االختيار م ن بين المتقدمين ن الذي يستو ف ون...
DEBUG BOOST: [دليل_برامج_كلية_الحاسوب_والذكاء_الاصطناعى_جامعة_المنوفية_الاهلية.pdf] Page 12 Boost=1.05 Text=3. يتم االختيار م ن بين المتقدمين ن الذي يستو ف ون...
DEBUG BOOST: [لائحة الجامعة الأهلية.pdf] Page 38 Boost=0.85 Text=m the following (mec 405en): mec 405e1 advanced to...
DEBUG BOOST: [لائحه جامعة المنوفية الأهليه a-1.pdf] Page 12 Boost=0.45 Text=الويل وكذلك مقرر (حقوق االنسان) بواقع ساعة واحدة م...
DEBUG BOOST: [دليل_برامج_كلية_الحاسوب_والذكاء_الاصطناعى_جامعة_المنوفية_الاهلية.pdf] Page 53 Boost=1.05 Text=nciples & techniques ai314 ال تعلم ال عميق deep le...
DEBUG BOOST: [دليل_برامج_كلية_الحاسوب_والذكاء_الاصطناعى_جامعة_المنوفية_الاهلية.pdf] Page 13 Boost=0.65 Text=تحدد الكلية لكل مجموعة من الطالب مرشدا اكاديميا لم...
DEBUG BOOST: [دليل_برامج_كلية_الحاسوب_والذكاء_الاصطناعى_جامعة_المنوفية_الاهلية.pdf] Page 28 Boost=1.05 Text=abase systems bcs225 شبكات الحاسبات computer netwo...
DEBUG BOOST: [دليل_برامج_كلية_الحاسوب_والذكاء_الاصطناعى_جامعة_المنوفية_الاهلية.pdf] Page 90 Boost=0.65 Text=الفصل النهايي من الجامعة ويبلغ قرار الفصل الي الجا...
DEBUG BOOST: [دليل_برامج_كلية_الحاسوب_والذكاء_الاصطناعى_جامعة_المنوفية_الاهلية.pdf] Page 90 Boost=0.65 Text=الفصل النهايي من الجامعة ويبلغ قرار الفصل الي الجا...
DEBUG BOOST: [لائحة الجامعة الأهلية.pdf] Page 2 Boost=0.85 Text=امعة ووحداتها وكذلك عيل مستوي. الدولة والمنطقة تبا...
DEBUG BOOST: [هندسه.pdf] Page 38 Boost=0.65 Text=composite materials: design & manufacturing mec 10...
DEBUG BOOST: [هندسه_حاسوب.pdf] Page 42 Boost=0.60 Text=w r e t s e m la c it c a r p / la n e t t ir w a ...
DEBUG BOOST: [هندسه_حاسوب.pdf] Page 42 Boost=0.60 Text=مهتامامتهاو . ةلودلا تاسسؤم عيمج يف لمعلا تابلطتم ...
DEBUG BOOST: [دليل_برامج_كلية_الحاسوب_والذكاء_الاصطناعى_جامعة_المنوفية_الاهلية.pdf] Page 52 Boost=1.15 Text=كالتالي: د- علوم حاسب(: اساسية6 ) ة ساع معتمدة اخت...
DEBUG BOOST: [دليل_برامج_كلية_الحاسوب_والذكاء_الاصطناعى_جامعة_المنوفية_الاهلية.pdf] Page 75 Boost=1.15 Text=كالتالي: د- علوم حاسب(: اساسية6 ) ة ساع معتمدة اخت...
DEBUG BOOST: [دليل_برامج_كلية_الحاسوب_والذكاء_الاصطناعى_جامعة_المنوفية_الاهلية.pdf] Page 52 Boost=1.15 Text=كالتالي: د- علوم حاسب(: اساسية6 ) ة ساع معتمدة اخت...
DEBUG BOOST: [دليل_برامج_كلية_الحاسوب_والذكاء_الاصطناعى_جامعة_المنوفية_الاهلية.pdf] Page 80 Boost=1.05 Text=الفصل الدراسي الثاني ai311 مقدمة الي الميكنة المنط...
DEBUG BOOST: [دليل_برامج_كلية_الحاسوب_والذكاء_الاصطناعى_جامعة_المنوفية_الاهلية.pdf] Page 26 Boost=0.75 Text=للمعادلة االتية: مجموع نقاط جميع المقررات الدراسية...
DEBUG BOOST: [دليل_برامج_كلية_الحاسوب_والذكاء_الاصطناعى_جامعة_المنوفية_الاهلية.pdf] Page 75 Boost=1.15 Text=كالتالي: د- علوم حاسب(: اساسية6 ) ة ساع معتمدة اخت...
DEBUG BOOST: [دليل_برامج_كلية_الحاسوب_والذكاء_الاصطناعى_جامعة_المنوفية_الاهلية.pdf] Page 80 Boost=1.05 Text=الفصل الدراسي الثاني ai311 مقدمة الي الميكنة المنط...
DEBUG BOOST: [دليل_برامج_كلية_الحاسوب_والذكاء_الاصطناعى_جامعة_المنوفية_الاهلية.pdf] Page 28 Boost=0.60 Text=omics ا- (: رياضيات وعلوم اساسية21 ساعة معتمدة اجب...
DEBUG BOOST: [هندسه_حاسوب.pdf] Page 42 Boost=0.60 Text=n 101 ــ 2 - - 2 2 50 - 50 2 writing total 12 4 7 ...
DEBUG BOOST: [دليل_برامج_كلية_الحاسوب_والذكاء_الاصطناعى_جامعة_المنوفية_الاهلية.pdf] Page 55 Boost=1.05 Text=ogramming mi406 اله ندسة االجتماعية لالمن السيبران...
DEBUG BOOST: [دليل_برامج_كلية_الحاسوب_والذكاء_الاصطناعى_جامعة_المنوفية_الاهلية.pdf] Page 65 Boost=0.35 Text=2. :يفصل الطالب المنذر اكاديميا من الدراسة نهاييا ...
DEBUG BOOST: [دليل_برامج_كلية_الحاسوب_والذكاء_الاصطناعى_جامعة_المنوفية_الاهلية.pdf] Page 76 Boost=1.05 Text=nciples & techniques ai314 ال تعلم ال عميق deep le...
DEBUG BOOST: [دليل_برامج_كلية_الحاسوب_والذكاء_الاصطناعى_جامعة_المنوفية_الاهلية.pdf] Page 65 Boost=0.75 Text=2. :يفصل الطالب المنذر اكاديميا من الدراسة نهاييا ...
DEBUG BOOST: [لائحة الجامعة الأهلية.pdf] Page 16 Boost=0.65 Text=l 4 semester 2 spring no. course code course title...
DEBUG BOOST: [دليل_برامج_كلية_الحاسوب_والذكاء_الاصطناعى_جامعة_المنوفية_الاهلية.pdf] Page 59 Boost=0.60 Text=نااناء ا وخ انك ضهملاء اخ - ه01 زوع. نالك ه. ا 60)...
DEBUG BOOST: [دليل_برامج_كلية_الحاسوب_والذكاء_الاصطناعى_جامعة_المنوفية_الاهلية.pdf] Page 36 Boost=0.60 Text=s care قواعد القبول والدراسة ب برنامج ذكاء االلة ج...
DEBUG BOOST: [لائحة الجامعة الأهلية.pdf] Page 45 Boost=1.10 Text=10. .توفير مساحة اكبر للطالب للتدريبات العملية وال...
DEBUG BOOST: [دليل_برامج_كلية_الحاسوب_والذكاء_الاصطناعى_جامعة_المنوفية_الاهلية.pdf] Page 55 Boost=1.15 Text=intelligence: principles and techniques 3: مقررات ...
DEBUG BOOST: [لائحه جامعة المنوفية الأهليه a-1.pdf] Page 12 Boost=0.45 Text=الفصل الدراس الربيع) ويجوز لمجلس الكلية الموافق ة ...
DEBUG BOOST: [لائحة الجامعة الأهلية.pdf] Page 29 Boost=1.10 Text=لجودة, بما في ذلك (علي سبيل المثال ال الحصر) مدونا...
DEBUG BOOST: [دليل_برامج_كلية_الحاسوب_والذكاء_الاصطناعى_جامعة_المنوفية_الاهلية.pdf] Page 80 Boost=0.60 Text=الفصل الدراسي االول الفصل الدراسي الثاني cs22x اخت...
DEBUG BOOST: [دليل_برامج_كلية_الحاسوب_والذكاء_الاصطناعى_جامعة_المنوفية_الاهلية.pdf] Page 80 Boost=0.60 Text=الفصل الدراسي االول الفصل الدراسي الثاني cs22x اخت...
DEBUG BOOST: [لائحة الجامعة الأهلية.pdf] Page 16 Boost=1.10 Text=dents care تطوير وتنفيذ انظمة ضمان الجودة, بما في ...
DEBUG BOOST: [دليل_برامج_كلية_الحاسوب_والذكاء_الاصطناعى_جامعة_المنوفية_الاهلية.pdf] Page 36 Boost=0.60 Text=الفصل الدراسي الثاني كود اسم المقرر ساعات كود اسم ...
DEBUG BOOST: [دليل_برامج_كلية_الحاسوب_والذكاء_الاصطناعى_جامعة_المنوفية_الاهلية.pdf] Page 55 Boost=1.15 Text=intelligence: principles and techniques 3: مقررات ...
DEBUG BOOST: [لائحة الجامعة الأهلية.pdf] Page 45 Boost=0.55 Text=k elective 10** engineering project mangement elec...
DEBUG BOOST: [دليل_برامج_كلية_الحاسوب_والذكاء_الاصطناعى_جامعة_المنوفية_الاهلية.pdf] Page 34 Boost=1.05 Text=الفصل الدراسي الثاني كود اسم المقرر ساعات كود اسم ...
DEBUG BOOST: [لائحة الجامعة الأهلية.pdf] Page 2 Boost=0.40 Text=خريطة الحرم الجامعي: خريطة توضح مواقع المباني الها...
DEBUG BOOST: [لائحة الجامعة الأهلية.pdf] Page 2 Boost=0.40 Text=خريطة الحرم الجامعي: خريطة توضح مواقع المباني الها...
DEBUG BOOST: [لائحة الجامعة الأهلية.pdf] Page 16 Boost=0.40 Text=7. .اعداد خريج قادر علي المنافسة في سوق العمل في ظ...
DEBUG BOOST: [لائحة الجامعة الأهلية.pdf] Page 44 Boost=0.60 Text=كسب الخريج المهارات الفنية الالزمة للتطوير واالبدا...
DEBUG BOOST: [دليل_برامج_كلية_الحاسوب_والذكاء_الاصطناعى_جامعة_المنوفية_الاهلية.pdf] Page 57 Boost=0.60 Text=الفصل الدراسي الثاني cs22x اختياري اساسيات علوم حا...
DEBUG BOOST: [دليل_برامج_كلية_الحاسوب_والذكاء_الاصطناعى_جامعة_المنوفية_الاهلية.pdf] Page 13 Boost=0.65 Text=الب في ذات الفصل في بداية الفصل الدراسي اعلي من او...
DEBUG BOOST: [دليل_برامج_كلية_الحاسوب_والذكاء_الاصطناعى_جامعة_المنوفية_الاهلية.pdf] Page 57 Boost=0.60 Text=الفصل الدراسي الثاني cs22x اختياري اساسيات علوم حا...
DEBUG BOOST: [لائحه جامعة المنوفية الأهليه a-1.pdf] Page 10 Boost=0.60 Text=cs) االثا: قسم علوم االستعاضه الصناعيه لالسنان(pro...
DEBUG BOOST: [دليل_برامج_كلية_الحاسوب_والذكاء_الاصطناعى_جامعة_المنوفية_الاهلية.pdf] Page 48 Boost=1.15 Text=12) ساعة معتمدة اختيارية داخل التخصص يختار الطالب ...
DEBUG BOOST: [لائحه جامعة المنوفية الأهليه a-1.pdf] Page 17 Boost=0.55 Text=الفصل الشفوي اجمايل الدرجات المقررات االجبارية الخ...
DEBUG BOOST: [لائحه جامعة المنوفية الأهليه a-1.pdf] Page 35 Boost=0.40 Text=والتوصيات. ي اليشاط العلمي التالي كبداية كان موتمر...
DEBUG BOOST: [لائحه جامعة المنوفية الأهليه a-1.pdf] Page 25 Boost=1.00 Text=ملية practical الساعات المعتمده credit الدرجة الكل...
DEBUG BOOST: [دليل_برامج_كلية_الحاسوب_والذكاء_الاصطناعى_جامعة_المنوفية_الاهلية.pdf] Page 26 Boost=0.75 Text=2. .. + gpa = مجموع الساعات المعتمدة لكل المقررات ...
DEBUG BOOST: [دليل_برامج_كلية_الحاسوب_والذكاء_الاصطناعى_جامعة_المنوفية_الاهلية.pdf] Page 26 Boost=0.75 Text=2. .. + gpa = مجموع الساعات المعتمدة لكل المقررات ...
DEBUG BOOST: [لائحه جامعة المنوفية الأهليه a-1.pdf] Page 42 Boost=0.45 Text=االتصال والتواصل: تيح الجامعة للطالب خيارين للحصول...
DEBUG BOOST: [دليل_برامج_كلية_الحاسوب_والذكاء_الاصطناعى_جامعة_المنوفية_الاهلية.pdf] Page 48 Boost=1.05 Text=75) ساعة اجبارية+( ) ساعة يتم اختيارها من. بين الم...
DEBUG BOOST: [دليل_برامج_كلية_الحاسوب_والذكاء_الاصطناعى_جامعة_المنوفية_الاهلية.pdf] Page 48 Boost=1.05 Text=75) ساعة اجبارية+( ) ساعة يتم اختيارها من. بين الم...
DEBUG BOOST: [دليل_برامج_كلية_الحاسوب_والذكاء_الاصطناعى_جامعة_المنوفية_الاهلية.pdf] Page 69 Boost=0.75 Text=2. .. + gpa = مجموع الساعات المعتمدة لكل المقررات ...
DEBUG BOOST: [دليل_برامج_كلية_الحاسوب_والذكاء_الاصطناعى_جامعة_المنوفية_الاهلية.pdf] Page 69 Boost=0.75 Text=2. .. + gpa = مجموع الساعات المعتمدة لكل المقررات ...
DEBUG BOOST: [دليل_برامج_كلية_الحاسوب_والذكاء_الاصطناعى_جامعة_المنوفية_الاهلية.pdf] Page 45 Boost=0.75 Text=2. .. + gpa = مجموع الساعات المعتمدة لكل المقررات ...
DEBUG BOOST: [دليل_برامج_كلية_الحاسوب_والذكاء_الاصطناعى_جامعة_المنوفية_الاهلية.pdf] Page 45 Boost=0.75 Text=2. .. + gpa = مجموع الساعات المعتمدة لكل المقررات ...
DEBUG BOOST: [لائحه جامعة المنوفية الأهليه a-1.pdf] Page 21 Boost=0.85 Text=𝒄𝒓𝒆𝒅𝒊𝒕 𝒉𝒐𝒖𝒓𝒔 𝒐𝒇 𝒂𝒍𝒍 𝒓𝒆𝒈𝒊𝒔𝒕𝒆𝒓𝒆𝒅 𝒄𝒐𝒖𝒓𝒔𝒆𝒔 رابعا: يتم ...
DEBUG BOOST: [لائحة الجامعة الأهلية.pdf] Page 16 Boost=0.55 Text=عددة لهندسة المواد وادارة التصنيع وانظمة الميكاترو...
DEBUG BOOST: [لائحة الجامعة الأهلية.pdf] Page 2 Boost=0.55 Text=استكمل الطالب نسبة محددة من متطلبات التخرج يتم نقل...
DEBUG BOOST: [دليل_برامج_كلية_الحاسوب_والذكاء_الاصطناعى_جامعة_المنوفية_الاهلية.pdf] Page 65 Boost=0.40 Text=الرابع عند اجتياز105 ساعة علي االقل, علي ان يتم تح...
DEBUG BOOST: [لائحة الجامعة الأهلية.pdf] Page 43 Boost=0.70 Text=مسار االمن السيبراني: خريج برنامج " هندسة الحاسوب ...
DEBUG BOOST: [لائحة الجامعة الأهلية.pdf] Page 43 Boost=0.70 Text=مسار االمن السيبراني: خريج برنامج " هندسة الحاسوب ...
DEBUG BOOST: [دليل_برامج_كلية_الحاسوب_والذكاء_الاصطناعى_جامعة_المنوفية_الاهلية.pdf] Page 13 Boost=0.65 Text=ي كل مقرر دراسي. واذا تجاوزت نسبة غياب الطالب– دون...
DEBUG BOOST: [دليل_برامج_كلية_الحاسوب_والذكاء_الاصطناعى_جامعة_المنوفية_الاهلية.pdf] Page 13 Boost=1.25 Text=الساعات التي اجتازها كما هو وارد بالجدول1: جامعة ا...
DEBUG BOOST: [دليل_برامج_كلية_الحاسوب_والذكاء_الاصطناعى_جامعة_المنوفية_الاهلية.pdf] Page 83 Boost=0.65 Text=االستفادة من الختر ات: استغل خبر ة المرشد ف اختيار...
DEBUG BOOST: [دليل_برامج_كلية_الحاسوب_والذكاء_الاصطناعى_جامعة_المنوفية_الاهلية.pdf] Page 83 Boost=0.65 Text=االستفادة من الختر ات: استغل خبر ة المرشد ف اختيار...
DEBUG BOOST: [لائحة الجامعة الأهلية.pdf] Page 8 Boost=0.45 Text=3. حتي 14 ساعة بالنسبة للطالب الحاصل علي معدل تراك...
DEBUG BOOST: [لائحة الجامعة الأهلية.pdf] Page 44 Boost=0.45 Text=165. )ساعة معتمدة تستخدم وسايل تكنولوجيا التعليم ف...
DEBUG BOOST: [لائحة الجامعة الأهلية.pdf] Page 8 Boost=0.45 Text=3. حتي 14 ساعة بالنسبة للطالب الحاصل علي معدل تراك...
DEBUG BOOST: [لائحة الجامعة الأهلية.pdf] Page 44 Boost=0.45 Text=165. )ساعة معتمدة تستخدم وسايل تكنولوجيا التعليم ف...
DEBUG BOOST: [لائحه جامعة المنوفية الأهليه a-1.pdf] Page 12 Boost=0.55 Text=العالج التحفظ401 العالج التحفظ402 المجموع menoufia...
DEBUG BOOST: [لائحه جامعة المنوفية الأهليه a-1.pdf] Page 21 Boost=0.55 Text=67.5 to < 70 c جيد 65 to < 67.5 -c جيد 60 < 65 d م...
DEBUG BOOST: [دليل_برامج_كلية_الحاسوب_والذكاء_الاصطناعى_جامعة_المنوفية_الاهلية.pdf] Page 58 Boost=0.60 Text=الفصل الدراسي الثاني كود اسم المقرر كود اسم المقرر...
DEBUG BOOST: [دليل_برامج_كلية_الحاسوب_والذكاء_الاصطناعى_جامعة_المنوفية_الاهلية.pdf] Page 58 Boost=0.60 Text=الفصل الدراسي الثاني كود اسم المقرر كود اسم المقرر...
DEBUG BOOST: [دليل_برامج_كلية_الحاسوب_والذكاء_الاصطناعى_جامعة_المنوفية_الاهلية.pdf] Page 26 Boost=1.05 Text=ز الطالب (التدريب الميداني– )مشروع التخرج وفقا لما...
DEBUG BOOST: [دليل_برامج_كلية_الحاسوب_والذكاء_الاصطناعى_جامعة_المنوفية_الاهلية.pdf] Page 78 Boost=0.65 Text=statistics: learning ds422 علم الجينوم الحاسوبي co...
DEBUG BOOST: [دليل_برامج_كلية_الحاسوب_والذكاء_الاصطناعى_جامعة_المنوفية_الاهلية.pdf] Page 78 Boost=0.65 Text=statistics: learning ds422 علم الجينوم الحاسوبي co...
DEBUG BOOST: [دليل_برامج_كلية_الحاسوب_والذكاء_الاصطناعى_جامعة_المنوفية_الاهلية.pdf] Page 48 Boost=1.15 Text=12) ساعة معتمدة اختيارية داخل التخصص يختار الطالب ...
DEBUG BOOST: [لائحة الجامعة الأهلية.pdf] Page 65 Boost=0.45 Text=-. عدم ارتداء العدسات الالصقة داخل المعمل -. يجب ا...
DEBUG BOOST: [لائحة الجامعة الأهلية.pdf] Page 64 Boost=0.70 Text=4. الحرمان من حضور درس احد المقررات لمده ال تتجاوز...
DEBUG BOOST: [لائحة الجامعة الأهلية.pdf] Page 64 Boost=0.70 Text=4. الحرمان من حضور درس احد المقررات لمده ال تتجاوز...
DEBUG BOOST: [دليل_برامج_كلية_الحاسوب_والذكاء_الاصطناعى_جامعة_المنوفية_الاهلية.pdf] Page 36 Boost=0.60 Text=الفصل الدراسي الثاني كود اسم المقرر ساعات كود اسم ...
DEBUG BOOST: [هندسه.pdf] Page 43 Boost=0.80 Text=6. محقق ادلة جنايية حاسوبية او رقمية اتجاهات الدرا...
DEBUG BOOST: [دليل_برامج_كلية_الحاسوب_والذكاء_الاصطناعى_جامعة_المنوفية_الاهلية.pdf] Page 78 Boost=0.75 Text=6) ساع ات يختارها الطالب من المقررات االختيارية ال...
DEBUG BOOST: [دليل_برامج_كلية_الحاسوب_والذكاء_الاصطناعى_جامعة_المنوفية_الاهلية.pdf] Page 78 Boost=0.75 Text=6) ساع ات يختارها الطالب من المقررات االختيارية ال...
DEBUG BOOST: [دليل_برامج_كلية_الحاسوب_والذكاء_الاصطناعى_جامعة_المنوفية_الاهلية.pdf] Page 71 Boost=0.75 Text=4) ساع ات اجبارية ) ساعة يختارها الطالب من بين الم...
DEBUG BOOST: [لائحة الجامعة الأهلية.pdf] Page 43 Boost=0.80 Text=لحوسبة, المرنة ومقررات, الحوسبة السحابية ومقررات, ...
DEBUG BOOST: [دليل_برامج_كلية_الحاسوب_والذكاء_الاصطناعى_جامعة_المنوفية_الاهلية.pdf] Page 71 Boost=0.75 Text=4) ساع ات اجبارية ) ساعة يختارها الطالب من بين الم...
DEBUG BOOST: [هندسه.pdf] Page 43 Boost=0.80 Text=لحوسبة, المرنة ومقررات, الحوسبة السحابية ومقررات, ...
DEBUG BOOST: [لائحة الجامعة الأهلية.pdf] Page 5 Boost=0.55 Text=الجدول التالي النسبة الميوية للدرجة الحاصل عليها ا...
DEBUG BOOST: [دليل_برامج_كلية_الحاسوب_والذكاء_الاصطناعى_جامعة_المنوفية_الاهلية.pdf] Page 51 Boost=1.05 Text=) ساعة معتمدة اجبارية مقسمة كالتالي: ج- علوم حاسب(...
DEBUG BOOST: [دليل_برامج_كلية_الحاسوب_والذكاء_الاصطناعى_جامعة_المنوفية_الاهلية.pdf] Page 74 Boost=1.05 Text=) ساعة معتمدة اجبارية مقسمة كالتالي: ج- علوم حاسب(...
DEBUG BOOST: [دليل_برامج_كلية_الحاسوب_والذكاء_الاصطناعى_جامعة_المنوفية_الاهلية.pdf] Page 51 Boost=1.05 Text=) ساعة معتمدة اجبارية مقسمة كالتالي: ج- علوم حاسب(...
DEBUG BOOST: [دليل_برامج_كلية_الحاسوب_والذكاء_الاصطناعى_جامعة_المنوفية_الاهلية.pdf] Page 74 Boost=1.05 Text=) ساعة معتمدة اجبارية مقسمة كالتالي: ج- علوم حاسب(...
DEBUG BOOST: [لائحه جامعة المنوفية الأهليه a-1.pdf] Page 25 Boost=0.55 Text=العامه101 general histology 101 dda 101 التشر ي ح ...
DEBUG BOOST: [دليل_برامج_كلية_الحاسوب_والذكاء_الاصطناعى_جامعة_المنوفية_الاهلية.pdf] Page 48 Boost=0.90 Text=2. ) ساعة يختارها الطالب من بين المقررات االختياري...
DEBUG BOOST: [دليل_برامج_كلية_الحاسوب_والذكاء_الاصطناعى_جامعة_المنوفية_الاهلية.pdf] Page 48 Boost=0.90 Text=2. ) ساعة يختارها الطالب من بين المقررات االختياري...
DEBUG BOOST: [دليل_برامج_كلية_الحاسوب_والذكاء_الاصطناعى_جامعة_المنوفية_الاهلية.pdf] Page 90 Boost=0.65 Text=ء االحذية المفتوحه داخل المعامل -. عدم ارتداء العد...
DEBUG BOOST: [لائحه جامعة المنوفية الأهليه a-1.pdf] Page 41 Boost=0.55 Text=4. . الحرمان من بعض الخدمات الطالبية الحرمان من حض...
DEBUG BOOST: [دليل_برامج_كلية_الحاسوب_والذكاء_الاصطناعى_جامعة_المنوفية_الاهلية.pdf] Page 13 Boost=0.85 Text=الساعات التي اجتازها كما هو وارد بالجدول1: جامعة ا...
DEBUG BOOST: [لائحه جامعة المنوفية الأهليه a-1.pdf] Page 4 Boost=0.70 Text=1.1. اختيار المقررات: ي اختيار المقررات الن ي تناس...
DEBUG BOOST: [دليل_برامج_كلية_الحاسوب_والذكاء_الاصطناعى_جامعة_المنوفية_الاهلية.pdf] Page 46 Boost=0.60 Text=معدله التراكمي طبقا لجدول3: المعدل التراكمي التقدي...
DEBUG BOOST: [لائحة الجامعة الأهلية.pdf] Page 5 Boost=0.45 Text=الدراسية وعدد النقاط حسب: الجدول التالي النسبة الم...
DEBUG BOOST: [لائحه جامعة المنوفية الأهليه a-1.pdf] Page 21 Boost=0.55 Text=ي فصل دراسي (المعدل الفصيلي ) عيل انه ناتج قسمة مج...
DEBUG BOOST: [دليل_برامج_كلية_الحاسوب_والذكاء_الاصطناعى_جامعة_المنوفية_الاهلية.pdf] Page 83 Boost=0.90 Text=1.1. اختيار المقررات: يساعدك ف اختيار المقررات الت...
DEBUG BOOST: [لائحة الجامعة الأهلية.pdf] Page 16 Boost=0.65 Text=ractical written are 405 project 2 are 401 are 407...
DEBUG BOOST: [دليل_برامج_كلية_الحاسوب_والذكاء_الاصطناعى_جامعة_المنوفية_الاهلية.pdf] Page 83 Boost=0.90 Text=1.1. اختيار المقررات: يساعدك ف اختيار المقررات الت...
DEBUG BOOST: [دليل_برامج_كلية_الحاسوب_والذكاء_الاصطناعى_جامعة_المنوفية_الاهلية.pdf] Page 81 Boost=0.60 Text=الفصل الدراسي الثاني كود اسم المقرر ساعات معتمدة ك...
DEBUG BOOST: [دليل_برامج_كلية_الحاسوب_والذكاء_الاصطناعى_جامعة_المنوفية_الاهلية.pdf] Page 81 Boost=0.60 Text=الفصل الدراسي الثاني كود اسم المقرر ساعات معتمدة ك...
DEBUG BOOST: [دليل_برامج_كلية_الحاسوب_والذكاء_الاصطناعى_جامعة_المنوفية_الاهلية.pdf] Page 50 Boost=0.60 Text=) ساعة معتمدة اجبارية مقسمة كالتالي: ا- (: رياضيات...
DEBUG BOOST: [دليل_برامج_كلية_الحاسوب_والذكاء_الاصطناعى_جامعة_المنوفية_الاهلية.pdf] Page 73 Boost=0.60 Text=) ساعة معتمدة اجبارية مقسمة كالتالي: ا- (: رياضيات...
DEBUG BOOST: [لائحة الجامعة الأهلية.pdf] Page 58 Boost=0.70 Text=1.1. اختيار المقررات: يساعدك فزي اختيار المقررات ا...
DEBUG BOOST: [لائحة الجامعة الأهلية.pdf] Page 58 Boost=0.70 Text=1.1. اختيار المقررات: يساعدك فزي اختيار المقررات ا...
DEBUG BOOST: [دليل_برامج_كلية_الحاسوب_والذكاء_الاصطناعى_جامعة_المنوفية_الاهلية.pdf] Page 28 Boost=0.90 Text=3. ) ساعة يختارها الطالب من بين المقررات االختياري...
DEBUG BOOST: [دليل_برامج_كلية_الحاسوب_والذكاء_الاصطناعى_جامعة_المنوفية_الاهلية.pdf] Page 28 Boost=0.90 Text=3. ) ساعة يختارها الطالب من بين المقررات االختياري...
DEBUG BOOST: [دليل_برامج_كلية_الحاسوب_والذكاء_الاصطناعى_جامعة_المنوفية_الاهلية.pdf] Page 78 Boost=0.60 Text=االحصاء التطبيقي الحديث: التعلم modern applied sta...
DEBUG BOOST: [دليل_برامج_كلية_الحاسوب_والذكاء_الاصطناعى_جامعة_المنوفية_الاهلية.pdf] Page 78 Boost=0.60 Text=االحصاء التطبيقي الحديث: التعلم modern applied sta...
INFO:     127.0.0.1:57114 - "POST /api/chat/ HTTP/1.1" 200 OK
